// Jest Snapshot v1, https://goo.gl/fbAQLP

exports[`Route Test Route Test 1`] = `
<div
  className="sc-iBPTik CDvLD"
>
  <div
    className="sc-bdfBQB kaHgtk"
  >
    <input
      aria-label="command-input"
      className="sc-gsTEea cMajfa"
      onChange={[Function]}
      placeholder="Tell the robot what to do ..."
      value=""
    />
    <div
      className="sc-dlfnuX eMPCqK"
    >
      <button
        aria-label="run-button"
        className="sc-hKgJUU gEBMvM"
        onClick={[Function]}
      >
        Run
      </button>
      <button
        aria-label="reset-button"
        className="sc-hKgJUU gEBMvM"
        onClick={[Function]}
      >
        Reset
      </button>
    </div>
  </div>
</div>
`;
